// Jest Snapshot v1, https://goo.gl/fbAQLP

exports[` 1`] = `
<div>
  New Launcher
</div>
`;

exports[`Applcation should render correctly 1`] = `
<div>
  New Launcher
</div>
`;
