// Jest Snapshot v1, https://goo.gl/fbAQLP

exports[`filterReducer should set initial context correctly 1`] = `
<div>
  
</div>
`;
